=== Source (02_unary_and_expr.cyp) ===
entier a <- 5
entier b <- -a
entier c <- -(a + 3)


=== AST ===
Programme avec 3 déclarations
  Variable: a
    Initializer:
      Littéral (nombre): 5
  Variable: b
    Initializer:
      Expression unaire (opérateur 9)
        Variable: a
  Variable: c
    Initializer:
      Expression unaire (opérateur 9)
        Expression binaire (opérateur 10)
          Gauche:
            Variable: a
          Droite:
            Littéral (nombre): 3

=== IR Program ===

Global Instructions:
    t0 = 5
    a = t0
    t1 = -a
    b = t1
    t2 = 3
    t3 = a + t2
    t4 = -t3
    c = t4

=== End IR Program ===
