=== Source (02_unary_and_expr.cyp) ===
entier a <- 5
entier b <- -a
entier c <- -(a + 3)


=== AST ===
Programme avec 3 déclarations
  Variable: a
    Initializer:
      Littéral (nombre): 5
  Variable: b
    Initializer:
      Expression unaire (opérateur 9)
        Variable: a
  Variable: c
    Initializer:
      Expression unaire (opérateur 9)
        Expression binaire (opérateur 10)
          Gauche:
            Variable: a
          Droite:
            Littéral (nombre): 3

=== IR Program ===

Global Instructions:
    t0 = 5
    a = t0
    t1 = -a
    b = t1
    t2 = 3
    t3 = a + t2
    t4 = -t3
    c = t4

=== End IR Program ===

=== LLVM IR ===
; ModuleID = 'cyplang_module'
source_filename = "cyplang_module"

define i32 @main() {
entry:
  %c = alloca i32, align 4
  %t4 = alloca i32, align 4
  %t35 = alloca i32, align 4
  %t2 = alloca i32, align 4
  %b = alloca i32, align 4
  %t1 = alloca i32, align 4
  %a = alloca i32, align 4
  %t0 = alloca i32, align 4
  store i32 5, ptr %t0, align 4
  %t01 = load i32, ptr %t0, align 4
  store i32 %t01, ptr %a, align 4
  %t12 = load i32, ptr %t1, align 4
  store i32 %t12, ptr %b, align 4
  store i32 3, ptr %t2, align 4
  %a3 = load i32, ptr %a, align 4
  %t24 = load i32, ptr %t2, align 4
  %t3 = add i32 %a3, %t24
  store i32 %t3, ptr %t35, align 4
  %t46 = load i32, ptr %t4, align 4
  store i32 %t46, ptr %c, align 4
  ret i32 0
}
